// Jest Snapshot v1, https://goo.gl/fbAQLP

exports[`can be used to create strings 1`] = `
"
testcaseIndex|inputs|output
1|{\\"left\\":0,\\"right\\":0}|0
2|{\\"left\\":1,\\"right\\":1}|2
3|{\\"left\\":2,\\"right\\":2}|4
4|{\\"left\\":3,\\"right\\":3}|6
5|{\\"left\\":4,\\"right\\":4}|8
6|{\\"left\\":5,\\"right\\":5}|10
7|{\\"left\\":6,\\"right\\":6}|12
8|{\\"left\\":7,\\"right\\":7}|14
9|{\\"left\\":8,\\"right\\":8}|16
10|{\\"left\\":9,\\"right\\":9}|18
"
`;
